// Jest Snapshot v1, https://goo.gl/fbAQLP

exports[`Test the BottomTabs component Matches snapshot 1`] = `
<div
  className="makeStyles-root-1"
  style={null}
>
  <Styled(MuiBox)
    display="flex"
    justifyContent="space-between"
  >
    <WithStyles(ForwardRef(Tabs))
      classes={
        Object {
          "indicator": "makeStyles-tabsIndicator-4",
          "root": "makeStyles-tabsRoot-3",
        }
      }
      onChange={[Function]}
      value={0}
    >
      <WithStyles(ForwardRef(Tab))
        classes={
          Object {
            "root": "makeStyles-tabRoot-5",
            "selected": "makeStyles-tabSelected-6",
          }
        }
        disableRipple={true}
        label="Code Preview"
      />
      <WithStyles(ForwardRef(Tab))
        classes={
          Object {
            "root": "makeStyles-tabRoot-5",
            "selected": "makeStyles-tabSelected-6",
          }
        }
        disableRipple={true}
        label="Component Tree"
      />
    </WithStyles(ForwardRef(Tabs))>
    <WithStyles(ForwardRef(FormControl))>
      <div
        className="flex-container"
      >
        <div
          className="flex1"
        >
          Change Theme:
        </div>
        <WithStyles(ForwardRef(NativeSelect))
          className="flex2"
          onChange={[Function]}
          style={
            Object {
              "color": "white",
            }
          }
          value="monokai"
        >
          <option
            style={
              Object {
                "backgroundColor": "#252526",
              }
            }
            value="monokai"
          >
            Monokai
          </option>
          <option
            style={
              Object {
                "backgroundColor": "#252526",
              }
            }
            value="github"
          >
            Github
          </option>
          <option
            style={
              Object {
                "backgroundColor": "#252526",
              }
            }
            value="solarized_dark"
          >
            Solarized Dark
          </option>
          <option
            style={
              Object {
                "backgroundColor": "#252526",
              }
            }
            value="terminal"
          >
            Terminal
          </option>
          <option
            style={
              Object {
                "backgroundColor": "#252526",
              }
            }
            value="solarized_light"
          >
            Solarized Light
          </option>
        </WithStyles(ForwardRef(NativeSelect))>
      </div>
    </WithStyles(ForwardRef(FormControl))>
  </Styled(MuiBox)>
  <CodePreview
    setTheme={[Function]}
    theme="monokai"
  />
</div>
`;

exports[`Test the CanvasContainer component Matches snapshot 1`] = `
<div
  style={
    Object {
      "backgroundColor": "lightgrey",
      "border": "2px Solid grey",
      "width": "100%",
    }
  }
>
  <Canvas />
</div>
`;
